warn: File C:\Users\Lina\.bun\install\cache\express@5.2.1@@@1\index.js is not in the project directory and will not be watched
warn: File C:\Users\Lina\.bun\install\cache\bcryptjs@3.0.3@@@1\index.js is not in the project directory and will not be watched
warn: File C:\Users\Lina\.bun\install\cache\cors@2.8.6@@@1\lib\index.js is not in the project directory and will not be watched
warn: File C:\Users\Lina\.bun\install\cache\express@5.2.1@@@1\lib\express.js is not in the project directory and will not be watched
warn: File C:\Users\Lina\.bun\install\cache\body-parser@2.2.2@@@1\index.js is not in the project directory and will not be watched
warn: File C:\Users\Lina\.bun\install\cache\merge-descriptors@2.0.0@@@1\index.js is not in the project directory and will not be watched
warn: File C:\Users\Lina\.bun\install\cache\express@5.2.1@@@1\lib\application.js is not in the project directory and will not be watched
warn: File C:\Users\Lina\.bun\install\cache\finalhandler@2.1.1@@@1\index.js is not in the project directory and will not be watched
warn: File C:\Users\Lina\.bun\install\cache\debug@4.4.3@@@1\src\index.js is not in the project directory and will not be watched
warn: File C:\Users\Lina\.bun\install\cache\debug@4.4.3@@@1\src\node.js is not in the project directory and will not be watched
warn: File C:\Users\Lina\.bun\install\cache\object-assign@4.1.1@@@1\index.js is not in the project directory and will not be watched
warn: File C:\Users\Lina\.bun\install\cache\vary@1.1.2@@@1\index.js is not in the project directory and will not be watched
warn: File C:\Users\Lina\.bun\install\cache\supports-color@10.2.2@@@1\index.js is not in the project directory and will not be watched
warn: File C:\Users\Lina\.bun\install\cache\debug@4.4.3@@@1\src\common.js is not in the project directory and will not be watched
warn: File C:\Users\Lina\.bun\install\cache\ms@2.1.3@@@1\index.js is not in the project directory and will not be watched
warn: File C:\Users\Lina\.bun\install\cache\encodeurl@2.0.0@@@1\index.js is not in the project directory and will not be watched
warn: File C:\Users\Lina\.bun\install\cache\escape-html@1.0.3@@@1\index.js is not in the project directory and will not be watched
warn: File C:\Users\Lina\.bun\install\cache\on-finished@2.4.1@@@1\index.js is not in the project directory and will not be watched
warn: File C:\Users\Lina\.bun\install\cache\ee-first@1.1.1@@@1\index.js is not in the project directory and will not be watched
warn: File C:\Users\Lina\.bun\install\cache\parseurl@1.3.3@@@1\index.js is not in the project directory and will not be watched
warn: File C:\Users\Lina\.bun\install\cache\statuses@2.0.2@@@1\index.js is not in the project directory and will not be watched
warn: File C:\Users\Lina\.bun\install\cache\statuses@2.0.2@@@1\codes.json is not in the project directory and will not be watched
warn: File C:\Users\Lina\.bun\install\cache\express@5.2.1@@@1\lib\view.js is not in the project directory and will not be watched
warn: File C:\Users\Lina\.bun\install\cache\express@5.2.1@@@1\lib\utils.js is not in the project directory and will not be watched
warn: File C:\Users\Lina\.bun\install\cache\content-type@1.0.5@@@1\index.js is not in the project directory and will not be watched
warn: File C:\Users\Lina\.bun\install\cache\etag@1.8.1@@@1\index.js is not in the project directory and will not be watched
warn: File C:\Users\Lina\.bun\install\cache\mime-types@3.0.2@@@1\index.js is not in the project directory and will not be watched
warn: File C:\Users\Lina\.bun\install\cache\mime-db@1.54.0@@@1\index.js is not in the project directory and will not be watched
warn: File C:\Users\Lina\.bun\install\cache\mime-db@1.54.0@@@1\db.json is not in the project directory and will not be watched
warn: File C:\Users\Lina\.bun\install\cache\mime-types@3.0.2@@@1\mimeScore.js is not in the project directory and will not be watched
warn: File C:\Users\Lina\.bun\install\cache\proxy-addr@2.0.7@@@1\index.js is not in the project directory and will not be watched
warn: File C:\Users\Lina\.bun\install\cache\forwarded@0.2.0@@@1\index.js is not in the project directory and will not be watched
warn: File C:\Users\Lina\.bun\install\cache\ipaddr.js@1.9.1@@@1\lib\ipaddr.js is not in the project directory and will not be watched
warn: File C:\Users\Lina\.bun\install\cache\qs@6.15.0@@@1\lib\index.js is not in the project directory and will not be watched
warn: File C:\Users\Lina\.bun\install\cache\qs@6.15.0@@@1\lib\stringify.js is not in the project directory and will not be watched
warn: File C:\Users\Lina\.bun\install\cache\side-channel@1.1.0@@@1\index.js is not in the project directory and will not be watched
warn: File C:\Users\Lina\.bun\install\cache\es-errors@1.3.0@@@1\type.js is not in the project directory and will not be watched
warn: File C:\Users\Lina\.bun\install\cache\object-inspect@1.13.4@@@1\index.js is not in the project directory and will not be watched
warn: File C:\Users\Lina\.bun\install\cache\object-inspect@1.13.4@@@1\util.inspect.js is not in the project directory and will not be watched
warn: File C:\Users\Lina\.bun\install\cache\side-channel-list@1.0.0@@@1\index.js is not in the project directory and will not be watched
warn: File C:\Users\Lina\.bun\install\cache\side-channel-map@1.0.1@@@1\index.js is not in the project directory and will not be watched
warn: File C:\Users\Lina\.bun\install\cache\get-intrinsic@1.3.0@@@1\index.js is not in the project directory and will not be watched
warn: File C:\Users\Lina\.bun\install\cache\es-object-atoms@1.1.1@@@1\index.js is not in the project directory and will not be watched
warn: File C:\Users\Lina\.bun\install\cache\es-errors@1.3.0@@@1\index.js is not in the project directory and will not be watched
warn: File C:\Users\Lina\.bun\install\cache\es-errors@1.3.0@@@1\eval.js is not in the project directory and will not be watched
warn: File C:\Users\Lina\.bun\install\cache\es-errors@1.3.0@@@1\range.js is not in the project directory and will not be watched
warn: File C:\Users\Lina\.bun\install\cache\es-errors@1.3.0@@@1\ref.js is not in the project directory and will not be watched
warn: File C:\Users\Lina\.bun\install\cache\es-errors@1.3.0@@@1\syntax.js is not in the project directory and will not be watched
warn: File C:\Users\Lina\.bun\install\cache\es-errors@1.3.0@@@1\uri.js is not in the project directory and will not be watched
warn: File C:\Users\Lina\.bun\install\cache\math-intrinsics@1.1.0@@@1\abs.js is not in the project directory and will not be watched
warn: File C:\Users\Lina\.bun\install\cache\math-intrinsics@1.1.0@@@1\floor.js is not in the project directory and will not be watched
warn: File C:\Users\Lina\.bun\install\cache\math-intrinsics@1.1.0@@@1\max.js is not in the project directory and will not be watched
warn: File C:\Users\Lina\.bun\install\cache\math-intrinsics@1.1.0@@@1\min.js is not in the project directory and will not be watched
warn: File C:\Users\Lina\.bun\install\cache\math-intrinsics@1.1.0@@@1\pow.js is not in the project directory and will not be watched
warn: File C:\Users\Lina\.bun\install\cache\math-intrinsics@1.1.0@@@1\round.js is not in the project directory and will not be watched
warn: File C:\Users\Lina\.bun\install\cache\math-intrinsics@1.1.0@@@1\sign.js is not in the project directory and will not be watched
warn: File C:\Users\Lina\.bun\install\cache\math-intrinsics@1.1.0@@@1\isNaN.js is not in the project directory and will not be watched
warn: File C:\Users\Lina\.bun\install\cache\gopd@1.2.0@@@1\index.js is not in the project directory and will not be watched
warn: File C:\Users\Lina\.bun\install\cache\gopd@1.2.0@@@1\gOPD.js is not in the project directory and will not be watched
warn: File C:\Users\Lina\.bun\install\cache\es-define-property@1.0.1@@@1\index.js is not in the project directory and will not be watched
warn: File C:\Users\Lina\.bun\install\cache\has-symbols@1.1.0@@@1\index.js is not in the project directory and will not be watched
warn: File C:\Users\Lina\.bun\install\cache\has-symbols@1.1.0@@@1\shams.js is not in the project directory and will not be watched
warn: File C:\Users\Lina\.bun\install\cache\get-proto@1.0.1@@@1\index.js is not in the project directory and will not be watched
warn: File C:\Users\Lina\.bun\install\cache\get-proto@1.0.1@@@1\Reflect.getPrototypeOf.js is not in the project directory and will not be watched
warn: File C:\Users\Lina\.bun\install\cache\get-proto@1.0.1@@@1\Object.getPrototypeOf.js is not in the project directory and will not be watched
warn: File C:\Users\Lina\.bun\install\cache\dunder-proto@1.0.1@@@1\get.js is not in the project directory and will not be watched
warn: File C:\Users\Lina\.bun\install\cache\call-bind-apply-helpers@1.0.2@@@1\index.js is not in the project directory and will not be watched
warn: File C:\Users\Lina\.bun\install\cache\function-bind@1.1.2@@@1\index.js is not in the project directory and will not be watched
warn: File C:\Users\Lina\.bun\install\cache\function-bind@1.1.2@@@1\implementation.js is not in the project directory and will not be watched
warn: File C:\Users\Lina\.bun\install\cache\call-bind-apply-helpers@1.0.2@@@1\functionCall.js is not in the project directory and will not be watched
warn: File C:\Users\Lina\.bun\install\cache\call-bind-apply-helpers@1.0.2@@@1\actualApply.js is not in the project directory and will not be watched
warn: File C:\Users\Lina\.bun\install\cache\call-bind-apply-helpers@1.0.2@@@1\functionApply.js is not in the project directory and will not be watched
warn: File C:\Users\Lina\.bun\install\cache\call-bind-apply-helpers@1.0.2@@@1\reflectApply.js is not in the project directory and will not be watched
warn: File C:\Users\Lina\.bun\install\cache\hasown@2.0.2@@@1\index.js is not in the project directory and will not be watched
warn: File C:\Users\Lina\.bun\install\cache\call-bound@1.0.4@@@1\index.js is not in the project directory and will not be watched
warn: File C:\Users\Lina\.bun\install\cache\side-channel-weakmap@1.0.2@@@1\index.js is not in the project directory and will not be watched
warn: File C:\Users\Lina\.bun\install\cache\qs@6.15.0@@@1\lib\utils.js is not in the project directory and will not be watched
warn: File C:\Users\Lina\.bun\install\cache\qs@6.15.0@@@1\lib\formats.js is not in the project directory and will not be watched
warn: File C:\Users\Lina\.bun\install\cache\qs@6.15.0@@@1\lib\parse.js is not in the project directory and will not be watched
warn: File C:\Users\Lina\.bun\install\cache\once@1.4.0@@@1\once.js is not in the project directory and will not be watched
warn: File C:\Users\Lina\.bun\install\cache\wrappy@1.0.2@@@1\wrappy.js is not in the project directory and will not be watched
warn: File C:\Users\Lina\.bun\install\cache\router@2.2.0@@@1\index.js is not in the project directory and will not be watched
warn: File C:\Users\Lina\.bun\install\cache\is-promise@4.0.0@@@1\index.js is not in the project directory and will not be watched
warn: File C:\Users\Lina\.bun\install\cache\router@2.2.0@@@1\lib\layer.js is not in the project directory and will not be watched
warn: File C:\Users\Lina\.bun\install\cache\path-to-regexp@8.3.0@@@1\dist\index.js is not in the project directory and will not be watched
warn: File C:\Users\Lina\.bun\install\cache\depd@2.0.0@@@1\index.js is not in the project directory and will not be watched
warn: File C:\Users\Lina\.bun\install\cache\router@2.2.0@@@1\lib\route.js is not in the project directory and will not be watched
warn: File C:\Users\Lina\.bun\install\cache\express@5.2.1@@@1\lib\request.js is not in the project directory and will not be watched
warn: File C:\Users\Lina\.bun\install\cache\accepts@2.0.0@@@1\index.js is not in the project directory and will not be watched
warn: File C:\Users\Lina\.bun\install\cache\negotiator@1.0.0@@@1\index.js is not in the project directory and will not be watched
warn: File C:\Users\Lina\.bun\install\cache\negotiator@1.0.0@@@1\lib\charset.js is not in the project directory and will not be watched
warn: File C:\Users\Lina\.bun\install\cache\negotiator@1.0.0@@@1\lib\encoding.js is not in the project directory and will not be watched
warn: File C:\Users\Lina\.bun\install\cache\negotiator@1.0.0@@@1\lib\language.js is not in the project directory and will not be watched
warn: File C:\Users\Lina\.bun\install\cache\negotiator@1.0.0@@@1\lib\mediaType.js is not in the project directory and will not be watched
warn: File C:\Users\Lina\.bun\install\cache\type-is@2.0.1@@@1\index.js is not in the project directory and will not be watched
warn: File C:\Users\Lina\.bun\install\cache\media-typer@1.1.0@@@1\index.js is not in the project directory and will not be watched
warn: File C:\Users\Lina\.bun\install\cache\fresh@2.0.0@@@1\index.js is not in the project directory and will not be watched
warn: File C:\Users\Lina\.bun\install\cache\range-parser@1.2.1@@@1\index.js is not in the project directory and will not be watched
warn: File C:\Users\Lina\.bun\install\cache\express@5.2.1@@@1\lib\response.js is not in the project directory and will not be watched
warn: File C:\Users\Lina\.bun\install\cache\content-disposition@1.0.1@@@1\index.js is not in the project directory and will not be watched
warn: File C:\Users\Lina\.bun\install\cache\http-errors@2.0.1@@@1\index.js is not in the project directory and will not be watched
warn: File C:\Users\Lina\.bun\install\cache\setprototypeof@1.2.0@@@1\index.js is not in the project directory and will not be watched
Server running at http://localhost:3001
DB file: server/data/mystic.db
warn: File C:\Users\Lina\.bun\install\cache\inherits@2.0.4@@@1\inherits.js is not in the project directory and will not be watched
warn: File C:\Users\Lina\.bun\install\cache\toidentifier@1.0.1@@@1\index.js is not in the project directory and will not be watched
warn: File C:\Users\Lina\.bun\install\cache\cookie-signature@1.2.2@@@1\index.js is not in the project directory and will not be watched
warn: File C:\Users\Lina\.bun\install\cache\cookie@0.7.2@@@1\index.js is not in the project directory and will not be watched
warn: File C:\Users\Lina\.bun\install\cache\send@1.2.1@@@1\index.js is not in the project directory and will not be watched
warn: File C:\Users\Lina\.bun\install\cache\body-parser@2.2.2@@@1\lib\types\json.js is not in the project directory and will not be watched
warn: File C:\Users\Lina\.bun\install\cache\body-parser@2.2.2@@@1\lib\read.js is not in the project directory and will not be watched
warn: File C:\Users\Lina\.bun\install\cache\raw-body@3.0.2@@@1\index.js is not in the project directory and will not be watched
warn: File C:\Users\Lina\.bun\install\cache\bytes@3.1.2@@@1\index.js is not in the project directory and will not be watched
warn: File C:\Users\Lina\.bun\install\cache\iconv-lite@0.7.2@@@1\lib\index.js is not in the project directory and will not be watched
warn: File C:\Users\Lina\.bun\install\cache\safer-buffer@2.1.2@@@1\safer.js is not in the project directory and will not be watched
warn: File C:\Users\Lina\.bun\install\cache\iconv-lite@0.7.2@@@1\lib\bom-handling.js is not in the project directory and will not be watched
warn: File C:\Users\Lina\.bun\install\cache\iconv-lite@0.7.2@@@1\lib\helpers\merge-exports.js is not in the project directory and will not be watched
warn: File C:\Users\Lina\.bun\install\cache\iconv-lite@0.7.2@@@1\lib\streams.js is not in the project directory and will not be watched
warn: File C:\Users\Lina\.bun\install\cache\unpipe@1.0.0@@@1\index.js is not in the project directory and will not be watched
warn: File C:\Users\Lina\.bun\install\cache\body-parser@2.2.2@@@1\lib\utils.js is not in the project directory and will not be watched
warn: File C:\Users\Lina\.bun\install\cache\body-parser@2.2.2@@@1\lib\types\raw.js is not in the project directory and will not be watched
warn: File C:\Users\Lina\.bun\install\cache\serve-static@2.2.1@@@1\index.js is not in the project directory and will not be watched
warn: File C:\Users\Lina\.bun\install\cache\body-parser@2.2.2@@@1\lib\types\text.js is not in the project directory and will not be watched
warn: File C:\Users\Lina\.bun\install\cache\body-parser@2.2.2@@@1\lib\types\urlencoded.js is not in the project directory and will not be watched
warn: File C:\Users\Lina\.bun\install\cache\iconv-lite@0.7.2@@@1\encodings\index.js is not in the project directory and will not be watched
warn: File C:\Users\Lina\.bun\install\cache\iconv-lite@0.7.2@@@1\encodings\internal.js is not in the project directory and will not be watched
warn: File C:\Users\Lina\.bun\install\cache\iconv-lite@0.7.2@@@1\encodings\utf32.js is not in the project directory and will not be watched
warn: File C:\Users\Lina\.bun\install\cache\iconv-lite@0.7.2@@@1\encodings\utf16.js is not in the project directory and will not be watched
warn: File C:\Users\Lina\.bun\install\cache\iconv-lite@0.7.2@@@1\encodings\utf7.js is not in the project directory and will not be watched
warn: File C:\Users\Lina\.bun\install\cache\iconv-lite@0.7.2@@@1\encodings\sbcs-codec.js is not in the project directory and will not be watched
warn: File C:\Users\Lina\.bun\install\cache\iconv-lite@0.7.2@@@1\encodings\sbcs-data.js is not in the project directory and will not be watched
warn: File C:\Users\Lina\.bun\install\cache\iconv-lite@0.7.2@@@1\encodings\sbcs-data-generated.js is not in the project directory and will not be watched
warn: File C:\Users\Lina\.bun\install\cache\iconv-lite@0.7.2@@@1\encodings\dbcs-codec.js is not in the project directory and will not be watched
warn: File C:\Users\Lina\.bun\install\cache\iconv-lite@0.7.2@@@1\encodings\dbcs-data.js